[2019-04-11T18:50:46.124-0400][0.011s] Using Concurrent Mark Sweep
[2019-04-11T18:50:46.124-0400][0.011s] Heap address: 0x00000000e0000000, size: 512 MB, Compressed Oops mode: 32-bit
[2019-04-11T18:50:47.026-0400][0.914s] GC(0) Pause Young (Allocation Failure)
[2019-04-11T18:50:47.026-0400][0.914s] GC(0) Using 4 workers of 4 for evacuation
[2019-04-11T18:50:47.032-0400][0.919s] GC(0) ParNew: 87424K->11069K(109248K)
[2019-04-11T18:50:47.032-0400][0.919s] GC(0) CMS: 0K->0K(393216K)
[2019-04-11T18:50:47.032-0400][0.919s] GC(0) Metaspace: 24061K->24061K(1071104K)
[2019-04-11T18:50:47.032-0400][0.919s] GC(0) Pause Young (Allocation Failure) 85M->10M(490M) 5.361ms
[2019-04-11T18:50:47.032-0400][0.919s] GC(0) User=0.02s Sys=0.00s Real=0.00s
[2019-04-11T18:50:47.032-0400][0.919s] GC(1) Pause Initial Mark
[2019-04-11T18:50:47.033-0400][0.920s] GC(1) Pause Initial Mark 12M->12M(490M) 1.027ms
[2019-04-11T18:50:47.033-0400][0.920s] GC(1) User=0.01s Sys=0.00s Real=0.00s
[2019-04-11T18:50:47.033-0400][0.920s] GC(1) Concurrent Mark
[2019-04-11T18:50:47.033-0400][0.920s] GC(1) Using 4 workers of 4 for marking
[2019-04-11T18:50:47.033-0400][0.920s] GC(1) Concurrent Mark 0.132ms
[2019-04-11T18:50:47.033-0400][0.920s] GC(1) User=0.00s Sys=0.00s Real=0.00s
[2019-04-11T18:50:47.033-0400][0.920s] GC(1) Concurrent Preclean
[2019-04-11T18:50:47.034-0400][0.921s] GC(1) Concurrent Preclean 0.766ms
[2019-04-11T18:50:47.034-0400][0.921s] GC(1) User=0.00s Sys=0.00s Real=0.01s
[2019-04-11T18:50:47.034-0400][0.922s] GC(1) Pause Remark
[2019-04-11T18:50:47.040-0400][0.927s] GC(1) Pause Remark 12M->12M(490M) 5.232ms
[2019-04-11T18:50:47.040-0400][0.927s] GC(1) User=0.01s Sys=0.00s Real=0.00s
[2019-04-11T18:50:47.040-0400][0.927s] GC(1) Concurrent Sweep
[2019-04-11T18:50:47.040-0400][0.927s] GC(2) Pause Young (GCLocker Initiated GC)
[2019-04-11T18:50:47.040-0400][0.927s] GC(2) Using 4 workers of 4 for evacuation
[2019-04-11T18:50:47.043-0400][0.931s] GC(2) ParNew: 12694K->14049K(109248K)
[2019-04-11T18:50:47.043-0400][0.931s] GC(2) CMS: 0K->0K(393216K)
[2019-04-11T18:50:47.043-0400][0.931s] GC(2) Metaspace: 24075K->24075K(1071104K)
[2019-04-11T18:50:47.043-0400][0.931s] GC(2) Pause Young (GCLocker Initiated GC) 12M->13M(490M) 3.744ms
[2019-04-11T18:50:47.043-0400][0.931s] GC(2) User=0.01s Sys=0.01s Real=0.01s
[2019-04-11T18:50:47.043-0400][0.931s] GC(1) Concurrent Sweep 3.844ms
[2019-04-11T18:50:47.043-0400][0.931s] GC(1) User=0.01s Sys=0.01s Real=0.01s
[2019-04-11T18:50:47.044-0400][0.931s] GC(1) Concurrent Reset
[2019-04-11T18:50:47.046-0400][0.933s] GC(1) Concurrent Reset 2.228ms
[2019-04-11T18:50:47.046-0400][0.933s] GC(1) User=0.00s Sys=0.00s Real=0.00s
[2019-04-11T18:50:47.046-0400][0.933s] GC(1) Old: 0K->0K(393216K)
[2019-04-11T18:50:47.560-0400][1.447s] GC(3) Pause Young (Allocation Failure)
[2019-04-11T18:50:47.560-0400][1.447s] GC(3) Using 4 workers of 4 for evacuation
[2019-04-11T18:50:47.565-0400][1.453s] GC(3) ParNew: 101473K->19236K(109248K)
[2019-04-11T18:50:47.565-0400][1.453s] GC(3) CMS: 0K->0K(393216K)
[2019-04-11T18:50:47.565-0400][1.453s] GC(3) Metaspace: 33219K->33219K(1079296K)
[2019-04-11T18:50:47.565-0400][1.453s] GC(3) Pause Young (Allocation Failure) 99M->18M(490M) 5.826ms
[2019-04-11T18:50:47.565-0400][1.453s] GC(3) User=0.03s Sys=0.00s Real=0.01s
[2019-04-11T18:50:47.828-0400][1.716s] GC(4) Pause Young (Allocation Failure)
[2019-04-11T18:50:47.828-0400][1.716s] GC(4) Using 4 workers of 4 for evacuation
[2019-04-11T18:50:47.836-0400][1.723s] GC(4) ParNew: 106660K->21824K(109248K)
[2019-04-11T18:50:47.836-0400][1.723s] GC(4) CMS: 0K->118K(393216K)
[2019-04-11T18:50:47.836-0400][1.723s] GC(4) Metaspace: 37014K->37014K(1083392K)
[2019-04-11T18:50:47.836-0400][1.723s] GC(4) Pause Young (Allocation Failure) 104M->21M(490M) 7.731ms
[2019-04-11T18:50:47.836-0400][1.723s] GC(4) User=0.03s Sys=0.00s Real=0.01s
[2019-04-11T18:50:47.933-0400][1.820s] GC(5) Pause Young (Allocation Failure)
[2019-04-11T18:50:47.933-0400][1.820s] GC(5) Using 4 workers of 4 for evacuation
[2019-04-11T18:50:47.950-0400][1.837s] GC(5) ParNew: 109248K->19696K(109248K)
[2019-04-11T18:50:47.950-0400][1.837s] GC(5) CMS: 118K->11288K(393216K)
[2019-04-11T18:50:47.950-0400][1.837s] GC(5) Metaspace: 38221K->38221K(1085440K)
[2019-04-11T18:50:47.950-0400][1.837s] GC(5) Pause Young (Allocation Failure) 106M->30M(490M) 16.741ms
[2019-04-11T18:50:47.950-0400][1.837s] GC(5) User=0.09s Sys=0.01s Real=0.02s
[2019-04-11T18:50:48.121-0400][2.009s] GC(6) Pause Young (Allocation Failure)
[2019-04-11T18:50:48.121-0400][2.009s] GC(6) Using 4 workers of 4 for evacuation
[2019-04-11T18:50:48.125-0400][2.013s] GC(6) ParNew: 107120K->12832K(109248K)
[2019-04-11T18:50:48.125-0400][2.013s] GC(6) CMS: 11288K->11288K(393216K)
[2019-04-11T18:50:48.125-0400][2.013s] GC(6) Metaspace: 40579K->40579K(1087488K)
[2019-04-11T18:50:48.125-0400][2.013s] GC(6) Pause Young (Allocation Failure) 115M->23M(490M) 4.035ms
[2019-04-11T18:50:48.125-0400][2.013s] GC(6) User=0.02s Sys=0.00s Real=0.01s
[2019-04-11T18:50:48.125-0400][2.013s] GC(7) Pause Initial Mark
[2019-04-11T18:50:48.127-0400][2.014s] GC(7) Pause Initial Mark 24M->24M(490M) 1.126ms
[2019-04-11T18:50:48.127-0400][2.014s] GC(7) User=0.00s Sys=0.00s Real=0.00s
[2019-04-11T18:50:48.127-0400][2.014s] GC(7) Concurrent Mark
[2019-04-11T18:50:48.127-0400][2.014s] GC(7) Using 4 workers of 4 for marking
[2019-04-11T18:50:48.131-0400][2.018s] GC(7) Concurrent Mark 4.441ms
[2019-04-11T18:50:48.131-0400][2.018s] GC(7) User=0.02s Sys=0.00s Real=0.00s
[2019-04-11T18:50:48.131-0400][2.018s] GC(7) Concurrent Preclean
[2019-04-11T18:50:48.132-0400][2.019s] GC(7) Concurrent Preclean 0.845ms
[2019-04-11T18:50:48.132-0400][2.019s] GC(7) User=0.00s Sys=0.00s Real=0.00s
[2019-04-11T18:50:48.132-0400][2.019s] GC(7) Pause Remark
[2019-04-11T18:50:48.132-0400][2.019s] GC(8) Pause Young (CMS Final Remark)
[2019-04-11T18:50:48.132-0400][2.019s] GC(8) Using 4 workers of 4 for evacuation
[2019-04-11T18:50:48.136-0400][2.023s] GC(8) ParNew: 14194K->15547K(109248K)
[2019-04-11T18:50:48.136-0400][2.024s] GC(8) CMS: 11288K->11288K(393216K)
[2019-04-11T18:50:48.136-0400][2.024s] GC(8) Metaspace: 40631K->40631K(1087488K)
[2019-04-11T18:50:48.136-0400][2.024s] GC(8) Pause Young (CMS Final Remark) 24M->26M(490M) 4.190ms
[2019-04-11T18:50:48.136-0400][2.024s] GC(8) User=0.02s Sys=0.00s Real=0.01s
[2019-04-11T18:50:48.144-0400][2.031s] GC(7) Pause Remark 24M->26M(490M) 12.044ms
[2019-04-11T18:50:48.144-0400][2.031s] GC(7) User=0.03s Sys=0.00s Real=0.02s
[2019-04-11T18:50:48.144-0400][2.031s] GC(7) Concurrent Sweep
[2019-04-11T18:50:48.148-0400][2.035s] GC(7) Concurrent Sweep 3.693ms
[2019-04-11T18:50:48.148-0400][2.035s] GC(7) User=0.02s Sys=0.00s Real=0.00s
[2019-04-11T18:50:48.148-0400][2.035s] GC(7) Concurrent Reset
[2019-04-11T18:50:48.148-0400][2.035s] GC(7) Concurrent Reset 0.245ms
[2019-04-11T18:50:48.148-0400][2.035s] GC(7) User=0.00s Sys=0.00s Real=0.00s
[2019-04-11T18:50:48.148-0400][2.035s] GC(7) Old: 11288K->11281K(393216K)
[2019-04-11T18:50:48.416-0400][2.304s] GC(9) Pause Young (Allocation Failure)
[2019-04-11T18:50:48.416-0400][2.304s] GC(9) Using 4 workers of 4 for evacuation
[2019-04-11T18:50:48.424-0400][2.311s] GC(9) ParNew: 102971K->21216K(109248K)
[2019-04-11T18:50:48.424-0400][2.311s] GC(9) CMS: 11281K->11281K(393216K)
[2019-04-11T18:50:48.424-0400][2.311s] GC(9) Metaspace: 44776K->44776K(1089536K)
[2019-04-11T18:50:48.424-0400][2.311s] GC(9) Pause Young (Allocation Failure) 111M->31M(490M) 7.589ms
[2019-04-11T18:50:48.424-0400][2.311s] GC(9) User=0.03s Sys=0.00s Real=0.01s
