[2019-04-11T16:34:36.674-0400][0.011s] Using Concurrent Mark Sweep
[2019-04-11T16:34:36.674-0400][0.011s] Heap address: 0x00000000e0000000, size: 512 MB, Compressed Oops mode: 32-bit
[2019-04-11T16:34:37.665-0400][1.001s] GC(0) Pause Young (Allocation Failure)
[2019-04-11T16:34:37.665-0400][1.001s] GC(0) Using 4 workers of 4 for evacuation
[2019-04-11T16:34:37.670-0400][1.007s] GC(0) ParNew: 87424K->11105K(109248K)
[2019-04-11T16:34:37.670-0400][1.007s] GC(0) CMS: 0K->0K(393216K)
[2019-04-11T16:34:37.670-0400][1.007s] GC(0) Metaspace: 24037K->24037K(1071104K)
[2019-04-11T16:34:37.670-0400][1.007s] GC(0) Pause Young (Allocation Failure) 85M->10M(490M) 5.623ms
[2019-04-11T16:34:37.670-0400][1.007s] GC(0) User=0.02s Sys=0.01s Real=0.01s
[2019-04-11T16:34:37.670-0400][1.007s] GC(1) Pause Initial Mark
[2019-04-11T16:34:37.672-0400][1.008s] GC(1) Pause Initial Mark 12M->12M(490M) 1.184ms
[2019-04-11T16:34:37.672-0400][1.008s] GC(1) User=0.00s Sys=0.00s Real=0.00s
[2019-04-11T16:34:37.672-0400][1.008s] GC(1) Concurrent Mark
[2019-04-11T16:34:37.672-0400][1.008s] GC(1) Using 4 workers of 4 for marking
[2019-04-11T16:34:37.672-0400][1.008s] GC(1) Concurrent Mark 0.116ms
[2019-04-11T16:34:37.672-0400][1.009s] GC(1) User=0.00s Sys=0.00s Real=0.00s
[2019-04-11T16:34:37.672-0400][1.009s] GC(1) Concurrent Preclean
[2019-04-11T16:34:37.673-0400][1.010s] GC(1) Concurrent Preclean 1.247ms
[2019-04-11T16:34:37.673-0400][1.010s] GC(1) User=0.01s Sys=0.00s Real=0.00s
[2019-04-11T16:34:37.673-0400][1.010s] GC(1) Pause Remark
[2019-04-11T16:34:37.673-0400][1.010s] GC(2) Pause Young (CMS Final Remark)
[2019-04-11T16:34:37.673-0400][1.010s] GC(2) Using 4 workers of 4 for evacuation
[2019-04-11T16:34:37.678-0400][1.015s] GC(2) ParNew: 12752K->14550K(109248K)
[2019-04-11T16:34:37.678-0400][1.015s] GC(2) CMS: 0K->0K(393216K)
[2019-04-11T16:34:37.678-0400][1.015s] GC(2) Metaspace: 24069K->24069K(1071104K)
[2019-04-11T16:34:37.678-0400][1.015s] GC(2) Pause Young (CMS Final Remark) 12M->14M(490M) 4.687ms
[2019-04-11T16:34:37.678-0400][1.015s] GC(2) User=0.02s Sys=0.00s Real=0.00s
[2019-04-11T16:34:37.683-0400][1.020s] GC(1) Pause Remark 12M->14M(490M) 9.828ms
[2019-04-11T16:34:37.683-0400][1.020s] GC(1) User=0.03s Sys=0.00s Real=0.01s
[2019-04-11T16:34:37.683-0400][1.020s] GC(1) Concurrent Sweep
[2019-04-11T16:34:37.683-0400][1.020s] GC(1) Concurrent Sweep 0.050ms
[2019-04-11T16:34:37.683-0400][1.020s] GC(1) User=0.00s Sys=0.00s Real=0.00s
[2019-04-11T16:34:37.683-0400][1.020s] GC(1) Concurrent Reset
[2019-04-11T16:34:37.686-0400][1.023s] GC(1) Concurrent Reset 2.531ms
[2019-04-11T16:34:37.686-0400][1.023s] GC(1) User=0.00s Sys=0.00s Real=0.00s
[2019-04-11T16:34:37.686-0400][1.023s] GC(1) Old: 0K->0K(393216K)
[2019-04-11T16:34:38.268-0400][1.605s] GC(3) Pause Young (Allocation Failure)
[2019-04-11T16:34:38.268-0400][1.605s] GC(3) Using 4 workers of 4 for evacuation
[2019-04-11T16:34:38.273-0400][1.610s] GC(3) ParNew: 101974K->17941K(109248K)
[2019-04-11T16:34:38.273-0400][1.610s] GC(3) CMS: 0K->0K(393216K)
[2019-04-11T16:34:38.273-0400][1.610s] GC(3) Metaspace: 33524K->33524K(1079296K)
[2019-04-11T16:34:38.273-0400][1.610s] GC(3) Pause Young (Allocation Failure) 99M->17M(490M) 5.577ms
[2019-04-11T16:34:38.273-0400][1.610s] GC(3) User=0.02s Sys=0.00s Real=0.01s
[2019-04-11T16:35:47.355-0400][70.692s] GC(4) Pause Young (Allocation Failure)
[2019-04-11T16:35:47.355-0400][70.692s] GC(4) Using 4 workers of 4 for evacuation
[2019-04-11T16:35:47.367-0400][70.704s] GC(4) ParNew: 105365K->21824K(109248K)
[2019-04-11T16:35:47.367-0400][70.704s] GC(4) CMS: 0K->711K(393216K)
[2019-04-11T16:35:47.367-0400][70.704s] GC(4) Metaspace: 38992K->38992K(1085440K)
[2019-04-11T16:35:47.367-0400][70.704s] GC(4) Pause Young (Allocation Failure) 102M->22M(490M) 12.423ms
[2019-04-11T16:35:47.368-0400][70.704s] GC(4) User=0.07s Sys=0.01s Real=0.01s
[2019-04-11T16:35:47.538-0400][70.874s] GC(5) Pause Young (Allocation Failure)
[2019-04-11T16:35:47.538-0400][70.874s] GC(5) Using 4 workers of 4 for evacuation
[2019-04-11T16:35:47.549-0400][70.885s] GC(5) ParNew: 109248K->21824K(109248K)
[2019-04-11T16:35:47.549-0400][70.885s] GC(5) CMS: 711K->11377K(393216K)
[2019-04-11T16:35:47.549-0400][70.885s] GC(5) Metaspace: 40692K->40692K(1087488K)
[2019-04-11T16:35:47.549-0400][70.885s] GC(5) Pause Young (Allocation Failure) 107M->32M(490M) 10.899ms
[2019-04-11T16:35:47.549-0400][70.885s] GC(5) User=0.04s Sys=0.01s Real=0.01s
[2019-04-11T16:35:47.549-0400][70.886s] GC(6) Pause Initial Mark
[2019-04-11T16:35:47.551-0400][70.887s] GC(6) Pause Initial Mark 33M->33M(490M) 1.744ms
[2019-04-11T16:35:47.551-0400][70.887s] GC(6) User=0.00s Sys=0.00s Real=0.01s
[2019-04-11T16:35:47.551-0400][70.887s] GC(6) Concurrent Mark
[2019-04-11T16:35:47.551-0400][70.887s] GC(6) Using 4 workers of 4 for marking
[2019-04-11T16:35:47.554-0400][70.891s] GC(6) Concurrent Mark 3.418ms
[2019-04-11T16:35:47.554-0400][70.891s] GC(6) User=0.02s Sys=0.00s Real=0.00s
[2019-04-11T16:35:47.554-0400][70.891s] GC(6) Concurrent Preclean
[2019-04-11T16:35:47.555-0400][70.892s] GC(6) Concurrent Preclean 0.867ms
[2019-04-11T16:35:47.555-0400][70.892s] GC(6) User=0.00s Sys=0.00s Real=0.00s
[2019-04-11T16:35:47.555-0400][70.892s] GC(6) Concurrent Abortable Preclean
[2019-04-11T16:35:47.624-0400][70.961s] GC(6) Concurrent Abortable Preclean 68.930ms
[2019-04-11T16:35:47.624-0400][70.961s] GC(6) User=0.23s Sys=0.00s Real=0.07s
[2019-04-11T16:35:47.624-0400][70.961s] GC(6) Pause Remark
[2019-04-11T16:35:47.624-0400][70.961s] GC(7) Pause Young (CMS Final Remark)
[2019-04-11T16:35:47.624-0400][70.961s] GC(7) Using 4 workers of 4 for evacuation
[2019-04-11T16:35:47.629-0400][70.965s] GC(7) ParNew: 89358K->15695K(109248K)
[2019-04-11T16:35:47.629-0400][70.965s] GC(7) CMS: 11377K->11377K(393216K)
[2019-04-11T16:35:47.629-0400][70.965s] GC(7) Metaspace: 41009K->41009K(1087488K)
[2019-04-11T16:35:47.629-0400][70.965s] GC(7) Pause Young (CMS Final Remark) 98M->26M(490M) 4.711ms
[2019-04-11T16:35:47.629-0400][70.966s] GC(7) User=0.02s Sys=0.00s Real=0.00s
[2019-04-11T16:35:47.640-0400][70.977s] GC(6) Pause Remark 98M->26M(490M) 15.829ms
[2019-04-11T16:35:47.640-0400][70.977s] GC(6) User=0.05s Sys=0.00s Real=0.01s
[2019-04-11T16:35:47.640-0400][70.977s] GC(6) Concurrent Sweep
[2019-04-11T16:35:47.642-0400][70.979s] GC(6) Concurrent Sweep 2.441ms
[2019-04-11T16:35:47.642-0400][70.979s] GC(6) User=0.01s Sys=0.00s Real=0.01s
[2019-04-11T16:35:47.642-0400][70.979s] GC(6) Concurrent Reset
[2019-04-11T16:35:47.643-0400][70.979s] GC(6) Concurrent Reset 0.203ms
[2019-04-11T16:35:47.643-0400][70.979s] GC(6) User=0.00s Sys=0.00s Real=0.00s
[2019-04-11T16:35:47.643-0400][70.979s] GC(6) Old: 11377K->11354K(393216K)
[2019-04-11T16:35:48.080-0400][71.417s] GC(8) Pause Young (Allocation Failure)
[2019-04-11T16:35:48.080-0400][71.417s] GC(8) Using 4 workers of 4 for evacuation
[2019-04-11T16:35:48.087-0400][71.424s] GC(8) ParNew: 103119K->16447K(109248K)
[2019-04-11T16:35:48.087-0400][71.424s] GC(8) CMS: 11354K->11354K(393216K)
[2019-04-11T16:35:48.087-0400][71.424s] GC(8) Metaspace: 45775K->45775K(1091584K)
[2019-04-11T16:35:48.087-0400][71.424s] GC(8) Pause Young (Allocation Failure) 111M->27M(490M) 7.306ms
[2019-04-11T16:35:48.087-0400][71.424s] GC(8) User=0.05s Sys=0.01s Real=0.01s
[2019-04-11T16:35:50.610-0400][73.946s] GC(9) Pause Young (Allocation Failure)
[2019-04-11T16:35:50.610-0400][73.946s] GC(9) Using 4 workers of 4 for evacuation
[2019-04-11T16:35:50.620-0400][73.957s] GC(9) ParNew: 103871K->21824K(109248K)
[2019-04-11T16:35:50.620-0400][73.957s] GC(9) CMS: 11354K->11881K(393216K)
[2019-04-11T16:35:50.620-0400][73.957s] GC(9) Metaspace: 48771K->48771K(1093632K)
[2019-04-11T16:35:50.620-0400][73.957s] GC(9) Pause Young (Allocation Failure) 112M->32M(490M) 10.653ms
[2019-04-11T16:35:50.620-0400][73.957s] GC(9) User=0.04s Sys=0.00s Real=0.00s
[2019-04-11T16:46:03.707-0400][687.044s] Heap
[2019-04-11T16:46:03.707-0400][687.044s]  par new generation   total 109248K, used 64786K [0x00000000e0000000, 0x00000000e8000000, 0x00000000e8000000)
[2019-04-11T16:46:03.707-0400][687.044s]   eden space 87424K,  49% used [0x00000000e0000000, 0x00000000e29f4968, 0x00000000e5560000)
[2019-04-11T16:46:03.707-0400][687.044s]   from space 21824K, 100% used [0x00000000e5560000, 0x00000000e6ab0000, 0x00000000e6ab0000)
[2019-04-11T16:46:03.707-0400][687.044s]   to   space 21824K,   0% used [0x00000000e6ab0000, 0x00000000e6ab0000, 0x00000000e8000000)
[2019-04-11T16:46:03.707-0400][687.044s]  concurrent mark-sweep generation total 393216K, used 11881K [0x00000000e8000000, 0x0000000100000000, 0x0000000100000000)
[2019-04-11T16:46:03.707-0400][687.044s]  Metaspace       used 51889K, capacity 52904K, committed 53512K, reserved 1097728K
[2019-04-11T16:46:03.707-0400][687.044s]   class space    used 5666K, capacity 6119K, committed 6188K, reserved 1048576K
