[2019-04-11T16:53:08.980-0400][0.011s] Using Concurrent Mark Sweep
[2019-04-11T16:53:08.980-0400][0.011s] Heap address: 0x00000000e0000000, size: 512 MB, Compressed Oops mode: 32-bit
[2019-04-11T16:53:09.852-0400][0.883s] GC(0) Pause Young (Allocation Failure)
[2019-04-11T16:53:09.852-0400][0.883s] GC(0) Using 4 workers of 4 for evacuation
[2019-04-11T16:53:09.858-0400][0.889s] GC(0) ParNew: 87424K->11056K(109248K)
[2019-04-11T16:53:09.858-0400][0.889s] GC(0) CMS: 0K->0K(393216K)
[2019-04-11T16:53:09.858-0400][0.889s] GC(0) Metaspace: 23748K->23748K(1071104K)
[2019-04-11T16:53:09.858-0400][0.889s] GC(0) Pause Young (Allocation Failure) 85M->10M(490M) 6.119ms
[2019-04-11T16:53:09.858-0400][0.889s] GC(0) User=0.03s Sys=0.00s Real=0.00s
[2019-04-11T16:53:09.858-0400][0.889s] GC(1) Pause Initial Mark
[2019-04-11T16:53:09.859-0400][0.890s] GC(1) Pause Initial Mark 10M->10M(490M) 1.182ms
[2019-04-11T16:53:09.859-0400][0.890s] GC(1) User=0.00s Sys=0.00s Real=0.00s
[2019-04-11T16:53:09.859-0400][0.890s] GC(1) Concurrent Mark
[2019-04-11T16:53:09.859-0400][0.890s] GC(1) Using 4 workers of 4 for marking
[2019-04-11T16:53:09.859-0400][0.891s] GC(1) Concurrent Mark 0.133ms
[2019-04-11T16:53:09.859-0400][0.891s] GC(1) User=0.00s Sys=0.00s Real=0.00s
[2019-04-11T16:53:09.860-0400][0.891s] GC(1) Concurrent Preclean
[2019-04-11T16:53:09.861-0400][0.892s] GC(1) Concurrent Preclean 1.003ms
[2019-04-11T16:53:09.861-0400][0.892s] GC(1) User=0.01s Sys=0.00s Real=0.00s
[2019-04-11T16:53:09.861-0400][0.892s] GC(1) Pause Remark
[2019-04-11T16:53:09.861-0400][0.892s] GC(2) Pause Young (CMS Final Remark)
[2019-04-11T16:53:09.861-0400][0.892s] GC(2) Using 4 workers of 4 for evacuation
[2019-04-11T16:53:09.866-0400][0.897s] GC(2) ParNew: 12683K->15678K(109248K)
[2019-04-11T16:53:09.866-0400][0.897s] GC(2) CMS: 0K->0K(393216K)
[2019-04-11T16:53:09.866-0400][0.897s] GC(2) Metaspace: 23775K->23775K(1071104K)
[2019-04-11T16:53:09.866-0400][0.897s] GC(2) Pause Young (CMS Final Remark) 12M->15M(490M) 4.743ms
[2019-04-11T16:53:09.866-0400][0.897s] GC(2) User=0.01s Sys=0.01s Real=0.01s
[2019-04-11T16:53:09.871-0400][0.902s] GC(1) Pause Remark 12M->15M(490M) 9.605ms
[2019-04-11T16:53:09.871-0400][0.902s] GC(1) User=0.02s Sys=0.01s Real=0.02s
[2019-04-11T16:53:09.871-0400][0.902s] GC(1) Concurrent Sweep
[2019-04-11T16:53:09.871-0400][0.902s] GC(1) Concurrent Sweep 0.067ms
[2019-04-11T16:53:09.871-0400][0.902s] GC(1) User=0.00s Sys=0.00s Real=0.00s
[2019-04-11T16:53:09.871-0400][0.902s] GC(1) Concurrent Reset
[2019-04-11T16:53:09.874-0400][0.905s] GC(1) Concurrent Reset 2.716ms
[2019-04-11T16:53:09.874-0400][0.905s] GC(1) User=0.00s Sys=0.00s Real=0.00s
[2019-04-11T16:53:09.874-0400][0.905s] GC(1) Old: 0K->0K(393216K)
[2019-04-11T16:53:10.379-0400][1.410s] GC(3) Pause Young (Allocation Failure)
[2019-04-11T16:53:10.379-0400][1.410s] GC(3) Using 4 workers of 4 for evacuation
[2019-04-11T16:53:10.385-0400][1.416s] GC(3) ParNew: 103102K->17311K(109248K)
[2019-04-11T16:53:10.385-0400][1.416s] GC(3) CMS: 0K->0K(393216K)
[2019-04-11T16:53:10.385-0400][1.416s] GC(3) Metaspace: 33209K->33209K(1079296K)
[2019-04-11T16:53:10.385-0400][1.416s] GC(3) Pause Young (Allocation Failure) 100M->16M(490M) 6.054ms
[2019-04-11T16:53:10.385-0400][1.416s] GC(3) User=0.03s Sys=0.00s Real=0.01s
[2019-04-11T16:53:10.655-0400][1.686s] GC(4) Pause Young (Allocation Failure)
[2019-04-11T16:53:10.655-0400][1.686s] GC(4) Using 4 workers of 4 for evacuation
[2019-04-11T16:53:10.663-0400][1.695s] GC(4) ParNew: 104735K->21824K(109248K)
[2019-04-11T16:53:10.663-0400][1.695s] GC(4) CMS: 0K->504K(393216K)
[2019-04-11T16:53:10.663-0400][1.695s] GC(4) Metaspace: 37046K->37046K(1083392K)
[2019-04-11T16:53:10.663-0400][1.695s] GC(4) Pause Young (Allocation Failure) 102M->21M(490M) 8.795ms
[2019-04-11T16:53:10.663-0400][1.695s] GC(4) User=0.04s Sys=0.00s Real=0.01s
[2019-04-11T16:53:10.769-0400][1.800s] GC(5) Pause Young (Allocation Failure)
[2019-04-11T16:53:10.769-0400][1.800s] GC(5) Using 4 workers of 4 for evacuation
[2019-04-11T16:53:10.776-0400][1.807s] GC(5) ParNew: 109248K->21824K(109248K)
[2019-04-11T16:53:10.776-0400][1.807s] GC(5) CMS: 504K->1212K(393216K)
[2019-04-11T16:53:10.776-0400][1.807s] GC(5) Metaspace: 38227K->38227K(1083392K)
[2019-04-11T16:53:10.776-0400][1.807s] GC(5) Pause Young (Allocation Failure) 107M->22M(490M) 7.692ms
[2019-04-11T16:53:10.776-0400][1.808s] GC(5) User=0.06s Sys=0.00s Real=0.01s
[2019-04-11T16:53:10.968-0400][1.999s] GC(6) Pause Young (Allocation Failure)
[2019-04-11T16:53:10.968-0400][2.000s] GC(6) Using 4 workers of 4 for evacuation
[2019-04-11T16:53:10.978-0400][2.009s] GC(6) ParNew: 109248K->19278K(109248K)
[2019-04-11T16:53:10.978-0400][2.009s] GC(6) CMS: 1212K->11551K(393216K)
[2019-04-11T16:53:10.978-0400][2.009s] GC(6) Metaspace: 40591K->40591K(1087488K)
[2019-04-11T16:53:10.978-0400][2.009s] GC(6) Pause Young (Allocation Failure) 107M->30M(490M) 9.722ms
[2019-04-11T16:53:10.978-0400][2.009s] GC(6) User=0.03s Sys=0.00s Real=0.01s
[2019-04-11T16:53:10.978-0400][2.009s] GC(7) Pause Initial Mark
[2019-04-11T16:53:10.980-0400][2.011s] GC(7) Pause Initial Mark 31M->31M(490M) 1.640ms
[2019-04-11T16:53:10.980-0400][2.011s] GC(7) User=0.00s Sys=0.00s Real=0.00s
[2019-04-11T16:53:10.980-0400][2.011s] GC(7) Concurrent Mark
[2019-04-11T16:53:10.980-0400][2.011s] GC(7) Using 4 workers of 4 for marking
[2019-04-11T16:53:10.982-0400][2.014s] GC(7) Concurrent Mark 2.764ms
[2019-04-11T16:53:10.983-0400][2.014s] GC(7) User=0.02s Sys=0.00s Real=0.01s
[2019-04-11T16:53:10.983-0400][2.014s] GC(7) Concurrent Preclean
[2019-04-11T16:53:10.983-0400][2.014s] GC(7) Concurrent Preclean 0.516ms
[2019-04-11T16:53:10.983-0400][2.014s] GC(7) User=0.00s Sys=0.00s Real=0.00s
[2019-04-11T16:53:10.983-0400][2.014s] GC(7) Pause Remark
[2019-04-11T16:53:10.983-0400][2.014s] GC(8) Pause Young (CMS Final Remark)
[2019-04-11T16:53:10.983-0400][2.014s] GC(8) Using 4 workers of 4 for evacuation
[2019-04-11T16:53:10.987-0400][2.018s] GC(8) ParNew: 20652K->12893K(109248K)
[2019-04-11T16:53:10.987-0400][2.018s] GC(8) CMS: 11551K->11551K(393216K)
[2019-04-11T16:53:10.987-0400][2.018s] GC(8) Metaspace: 40634K->40634K(1087488K)
[2019-04-11T16:53:10.987-0400][2.018s] GC(8) Pause Young (CMS Final Remark) 31M->23M(490M) 3.791ms
[2019-04-11T16:53:10.987-0400][2.018s] GC(8) User=0.01s Sys=0.00s Real=0.00s
[2019-04-11T16:53:10.996-0400][2.027s] GC(7) Pause Remark 31M->23M(490M) 12.382ms
[2019-04-11T16:53:10.996-0400][2.027s] GC(7) User=0.03s Sys=0.00s Real=0.01s
[2019-04-11T16:53:10.996-0400][2.027s] GC(7) Concurrent Sweep
[2019-04-11T16:53:10.999-0400][2.030s] GC(7) Concurrent Sweep 2.901ms
[2019-04-11T16:53:10.999-0400][2.030s] GC(7) User=0.01s Sys=0.00s Real=0.00s
[2019-04-11T16:53:10.999-0400][2.030s] GC(7) Concurrent Reset
[2019-04-11T16:53:10.999-0400][2.030s] GC(7) Concurrent Reset 0.234ms
[2019-04-11T16:53:10.999-0400][2.030s] GC(7) User=0.00s Sys=0.00s Real=0.00s
[2019-04-11T16:53:10.999-0400][2.030s] GC(7) Old: 11551K->11362K(393216K)
[2019-04-11T16:53:11.351-0400][2.382s] GC(9) Pause Young (Allocation Failure)
[2019-04-11T16:53:11.351-0400][2.382s] GC(9) Using 4 workers of 4 for evacuation
[2019-04-11T16:53:11.357-0400][2.388s] GC(9) ParNew: 100317K->18496K(109248K)
[2019-04-11T16:53:11.357-0400][2.388s] GC(9) CMS: 11362K->11362K(393216K)
[2019-04-11T16:53:11.357-0400][2.388s] GC(9) Metaspace: 44775K->44775K(1089536K)
[2019-04-11T16:53:11.357-0400][2.388s] GC(9) Pause Young (Allocation Failure) 109M->29M(490M) 6.115ms
[2019-04-11T16:53:11.357-0400][2.388s] GC(9) User=0.03s Sys=0.00s Real=0.00s
[2019-04-11T17:06:02.013-0400][773.044s] GC(10) Pause Young (Allocation Failure)
[2019-04-11T17:06:02.013-0400][773.044s] GC(10) Using 4 workers of 4 for evacuation
[2019-04-11T17:06:02.024-0400][773.055s] GC(10) ParNew: 105920K->21824K(109248K)
[2019-04-11T17:06:02.024-0400][773.055s] GC(10) CMS: 11362K->13474K(393216K)
[2019-04-11T17:06:02.024-0400][773.055s] GC(10) Metaspace: 51355K->51355K(1095680K)
[2019-04-11T17:06:02.024-0400][773.055s] GC(10) Pause Young (Allocation Failure) 114M->34M(490M) 10.681ms
[2019-04-11T17:06:02.024-0400][773.055s] GC(10) User=0.04s Sys=0.00s Real=0.01s
[2019-04-11T17:06:02.100-0400][773.132s] GC(11) Pause Young (Allocation Failure)
[2019-04-11T17:06:02.101-0400][773.132s] GC(11) Using 4 workers of 4 for evacuation
[2019-04-11T17:06:02.110-0400][773.141s] GC(11) ParNew: 109248K->21824K(109248K)
[2019-04-11T17:06:02.110-0400][773.141s] GC(11) CMS: 13474K->17059K(393216K)
[2019-04-11T17:06:02.110-0400][773.141s] GC(11) Metaspace: 51435K->51435K(1095680K)
[2019-04-11T17:06:02.110-0400][773.141s] GC(11) Pause Young (Allocation Failure) 119M->37M(490M) 9.762ms
[2019-04-11T17:06:02.110-0400][773.142s] GC(11) User=0.04s Sys=0.00s Real=0.02s
[2019-04-11T17:06:02.162-0400][773.194s] GC(12) Pause Young (Allocation Failure)
[2019-04-11T17:06:02.162-0400][773.194s] GC(12) Using 4 workers of 4 for evacuation
[2019-04-11T17:06:02.168-0400][773.199s] GC(12) ParNew: 109248K->21824K(109248K)
[2019-04-11T17:06:02.168-0400][773.199s] GC(12) CMS: 17059K->18120K(393216K)
[2019-04-11T17:06:02.168-0400][773.199s] GC(12) Metaspace: 51479K->51479K(1095680K)
[2019-04-11T17:06:02.168-0400][773.199s] GC(12) Pause Young (Allocation Failure) 123M->39M(490M) 5.913ms
[2019-04-11T17:06:02.168-0400][773.199s] GC(12) User=0.02s Sys=0.00s Real=0.00s
[2019-04-11T17:38:42.049-0400][2289.637s] GC(13) Pause Young (Allocation Failure)
[2019-04-11T17:38:42.050-0400][2289.637s] GC(13) Using 4 workers of 4 for evacuation
[2019-04-11T17:38:42.060-0400][2289.647s] GC(13) ParNew: 109248K->21824K(109248K)
[2019-04-11T17:38:42.060-0400][2289.647s] GC(13) CMS: 18120K->24629K(393216K)
[2019-04-11T17:38:42.060-0400][2289.647s] GC(13) Metaspace: 52385K->52385K(1097728K)
[2019-04-11T17:38:42.060-0400][2289.647s] GC(13) Pause Young (Allocation Failure) 124M->45M(490M) 10.535ms
[2019-04-11T17:38:42.060-0400][2289.647s] GC(13) User=0.04s Sys=0.00s Real=0.01s
[2019-04-11T17:38:43.060-0400][2290.647s] GC(14) Pause Young (Allocation Failure)
[2019-04-11T17:38:43.060-0400][2290.647s] GC(14) Using 4 workers of 4 for evacuation
[2019-04-11T17:38:43.068-0400][2290.655s] GC(14) ParNew: 109248K->21824K(109248K)
[2019-04-11T17:38:43.068-0400][2290.655s] GC(14) CMS: 24629K->25107K(393216K)
[2019-04-11T17:38:43.068-0400][2290.655s] GC(14) Metaspace: 52441K->52441K(1097728K)
[2019-04-11T17:38:43.068-0400][2290.655s] GC(14) Pause Young (Allocation Failure) 130M->45M(490M) 7.869ms
[2019-04-11T17:38:43.068-0400][2290.655s] GC(14) User=0.04s Sys=0.00s Real=0.01s
[2019-04-11T17:38:43.111-0400][2290.698s] GC(15) Pause Young (Allocation Failure)
[2019-04-11T17:38:43.111-0400][2290.698s] GC(15) Using 4 workers of 4 for evacuation
[2019-04-11T17:38:43.120-0400][2290.708s] GC(15) ParNew: 109248K->21824K(109248K)
[2019-04-11T17:38:43.120-0400][2290.708s] GC(15) CMS: 25107K->26313K(393216K)
[2019-04-11T17:38:43.120-0400][2290.708s] GC(15) Metaspace: 52452K->52452K(1097728K)
[2019-04-11T17:38:43.120-0400][2290.708s] GC(15) Pause Young (Allocation Failure) 131M->47M(490M) 9.379ms
[2019-04-11T17:38:43.120-0400][2290.708s] GC(15) User=0.04s Sys=0.00s Real=0.01s
[2019-04-11T18:41:34.943-0400][5447.822s] GC(16) Pause Young (Allocation Failure)
[2019-04-11T18:41:34.943-0400][5447.822s] GC(16) Using 4 workers of 4 for evacuation
[2019-04-11T18:41:34.959-0400][5447.838s] GC(16) ParNew: 109248K->21824K(109248K)
[2019-04-11T18:41:34.959-0400][5447.838s] GC(16) CMS: 26313K->31696K(393216K)
[2019-04-11T18:41:34.959-0400][5447.838s] GC(16) Metaspace: 52859K->52859K(1097728K)
[2019-04-11T18:41:34.959-0400][5447.838s] GC(16) Pause Young (Allocation Failure) 132M->52M(490M) 15.651ms
[2019-04-11T18:41:34.959-0400][5447.838s] GC(16) User=0.06s Sys=0.01s Real=0.01s
[2019-04-11T18:41:34.963-0400][5447.843s] Heap
[2019-04-11T18:41:34.963-0400][5447.843s]  par new generation   total 109248K, used 24178K [0x00000000e0000000, 0x00000000e8000000, 0x00000000e8000000)
[2019-04-11T18:41:34.963-0400][5447.843s]   eden space 87424K,   2% used [0x00000000e0000000, 0x00000000e024cbb0, 0x00000000e5560000)
[2019-04-11T18:41:34.963-0400][5447.843s]   from space 21824K, 100% used [0x00000000e6ab0000, 0x00000000e8000000, 0x00000000e8000000)
[2019-04-11T18:41:34.963-0400][5447.843s]   to   space 21824K,   0% used [0x00000000e5560000, 0x00000000e5560000, 0x00000000e6ab0000)
[2019-04-11T18:41:34.963-0400][5447.843s]  concurrent mark-sweep generation total 393216K, used 31696K [0x00000000e8000000, 0x0000000100000000, 0x0000000100000000)
[2019-04-11T18:41:34.963-0400][5447.843s]  Metaspace       used 52898K, capacity 53837K, committed 54364K, reserved 1097728K
[2019-04-11T18:41:34.963-0400][5447.843s]   class space    used 5761K, capacity 6197K, committed 6292K, reserved 1048576K
