[2019-04-11T16:46:06.045-0400][0.012s] Using Concurrent Mark Sweep
[2019-04-11T16:46:06.045-0400][0.013s] Heap address: 0x00000000e0000000, size: 512 MB, Compressed Oops mode: 32-bit
[2019-04-11T16:46:06.928-0400][0.895s] GC(0) Pause Young (Allocation Failure)
[2019-04-11T16:46:06.928-0400][0.895s] GC(0) Using 4 workers of 4 for evacuation
[2019-04-11T16:46:06.934-0400][0.901s] GC(0) ParNew: 87424K->11094K(109248K)
[2019-04-11T16:46:06.934-0400][0.901s] GC(0) CMS: 0K->0K(393216K)
[2019-04-11T16:46:06.934-0400][0.901s] GC(0) Metaspace: 24191K->24191K(1071104K)
[2019-04-11T16:46:06.934-0400][0.901s] GC(0) Pause Young (Allocation Failure) 85M->10M(490M) 6.005ms
[2019-04-11T16:46:06.934-0400][0.901s] GC(0) User=0.02s Sys=0.00s Real=0.01s
[2019-04-11T16:46:06.934-0400][0.902s] GC(1) Pause Initial Mark
[2019-04-11T16:46:06.935-0400][0.903s] GC(1) Pause Initial Mark 12M->12M(490M) 1.109ms
[2019-04-11T16:46:06.935-0400][0.903s] GC(1) User=0.00s Sys=0.00s Real=0.00s
[2019-04-11T16:46:06.935-0400][0.903s] GC(1) Concurrent Mark
[2019-04-11T16:46:06.935-0400][0.903s] GC(1) Using 4 workers of 4 for marking
[2019-04-11T16:46:06.935-0400][0.903s] GC(1) Concurrent Mark 0.148ms
[2019-04-11T16:46:06.935-0400][0.903s] GC(1) User=0.00s Sys=0.00s Real=0.00s
[2019-04-11T16:46:06.935-0400][0.903s] GC(1) Concurrent Preclean
[2019-04-11T16:46:06.936-0400][0.903s] GC(1) Concurrent Preclean 0.532ms
[2019-04-11T16:46:06.936-0400][0.903s] GC(1) User=0.00s Sys=0.00s Real=0.00s
[2019-04-11T16:46:06.936-0400][0.904s] GC(1) Pause Remark
[2019-04-11T16:46:06.936-0400][0.904s] GC(2) Pause Young (CMS Final Remark)
[2019-04-11T16:46:06.936-0400][0.904s] GC(2) Using 4 workers of 4 for evacuation
[2019-04-11T16:46:06.940-0400][0.908s] GC(2) ParNew: 12737K->14351K(109248K)
[2019-04-11T16:46:06.940-0400][0.908s] GC(2) CMS: 0K->0K(393216K)
[2019-04-11T16:46:06.940-0400][0.908s] GC(2) Metaspace: 24212K->24212K(1071104K)
[2019-04-11T16:46:06.940-0400][0.908s] GC(2) Pause Young (CMS Final Remark) 12M->14M(490M) 4.464ms
[2019-04-11T16:46:06.940-0400][0.908s] GC(2) User=0.01s Sys=0.00s Real=0.00s
[2019-04-11T16:46:06.946-0400][0.914s] GC(1) Pause Remark 12M->14M(490M) 10.392ms
[2019-04-11T16:46:06.946-0400][0.914s] GC(1) User=0.03s Sys=0.00s Real=0.01s
[2019-04-11T16:46:06.947-0400][0.914s] GC(1) Concurrent Sweep
[2019-04-11T16:46:06.947-0400][0.914s] GC(1) Concurrent Sweep 0.024ms
[2019-04-11T16:46:06.947-0400][0.914s] GC(1) User=0.00s Sys=0.00s Real=0.00s
[2019-04-11T16:46:06.947-0400][0.914s] GC(1) Concurrent Reset
[2019-04-11T16:46:06.950-0400][0.917s] GC(1) Concurrent Reset 2.923ms
[2019-04-11T16:46:06.950-0400][0.917s] GC(1) User=0.00s Sys=0.01s Real=0.01s
[2019-04-11T16:46:06.950-0400][0.917s] GC(1) Old: 0K->0K(393216K)
[2019-04-11T16:46:07.518-0400][1.485s] GC(3) Pause Young (Allocation Failure)
[2019-04-11T16:46:07.518-0400][1.486s] GC(3) Using 4 workers of 4 for evacuation
[2019-04-11T16:46:07.524-0400][1.492s] GC(3) ParNew: 101775K->16522K(109248K)
[2019-04-11T16:46:07.524-0400][1.492s] GC(3) CMS: 0K->0K(393216K)
[2019-04-11T16:46:07.524-0400][1.492s] GC(3) Metaspace: 33432K->33432K(1079296K)
[2019-04-11T16:46:07.524-0400][1.492s] GC(3) Pause Young (Allocation Failure) 99M->16M(490M) 6.712ms
[2019-04-11T16:46:07.524-0400][1.492s] GC(3) User=0.02s Sys=0.00s Real=0.01s
[2019-04-11T16:46:07.775-0400][1.742s] GC(4) Pause Young (Allocation Failure)
[2019-04-11T16:46:07.775-0400][1.742s] GC(4) Using 4 workers of 4 for evacuation
[2019-04-11T16:46:07.783-0400][1.750s] GC(4) ParNew: 103946K->21824K(109248K)
[2019-04-11T16:46:07.783-0400][1.750s] GC(4) CMS: 0K->589K(393216K)
[2019-04-11T16:46:07.783-0400][1.750s] GC(4) Metaspace: 37042K->37042K(1083392K)
[2019-04-11T16:46:07.783-0400][1.750s] GC(4) Pause Young (Allocation Failure) 101M->21M(490M) 8.145ms
[2019-04-11T16:46:07.783-0400][1.750s] GC(4) User=0.03s Sys=0.00s Real=0.01s
[2019-04-11T16:46:07.888-0400][1.856s] GC(5) Pause Young (Allocation Failure)
[2019-04-11T16:46:07.888-0400][1.856s] GC(5) Using 4 workers of 4 for evacuation
[2019-04-11T16:46:07.897-0400][1.864s] GC(5) ParNew: 109248K->21824K(109248K)
[2019-04-11T16:46:07.897-0400][1.864s] GC(5) CMS: 589K->1870K(393216K)
[2019-04-11T16:46:07.897-0400][1.864s] GC(5) Metaspace: 38227K->38227K(1083392K)
[2019-04-11T16:46:07.897-0400][1.864s] GC(5) Pause Young (Allocation Failure) 107M->23M(490M) 8.614ms
[2019-04-11T16:46:07.897-0400][1.864s] GC(5) User=0.05s Sys=0.00s Real=0.01s
[2019-04-11T16:46:08.084-0400][2.052s] GC(6) Pause Young (Allocation Failure)
[2019-04-11T16:46:08.084-0400][2.052s] GC(6) Using 4 workers of 4 for evacuation
[2019-04-11T16:46:08.092-0400][2.060s] GC(6) ParNew: 109248K->21824K(109248K)
[2019-04-11T16:46:08.092-0400][2.060s] GC(6) CMS: 1870K->4206K(393216K)
[2019-04-11T16:46:08.092-0400][2.060s] GC(6) Metaspace: 40707K->40707K(1087488K)
[2019-04-11T16:46:08.092-0400][2.060s] GC(6) Pause Young (Allocation Failure) 108M->25M(490M) 7.891ms
[2019-04-11T16:46:08.092-0400][2.060s] GC(6) User=0.04s Sys=0.00s Real=0.01s
[2019-04-11T16:46:08.092-0400][2.060s] GC(7) Pause Initial Mark
[2019-04-11T16:46:08.094-0400][2.062s] GC(7) Pause Initial Mark 26M->26M(490M) 1.822ms
[2019-04-11T16:46:08.094-0400][2.062s] GC(7) User=0.00s Sys=0.00s Real=0.00s
[2019-04-11T16:46:08.094-0400][2.062s] GC(7) Concurrent Mark
[2019-04-11T16:46:08.094-0400][2.062s] GC(7) Using 4 workers of 4 for marking
[2019-04-11T16:46:08.097-0400][2.064s] GC(7) Concurrent Mark 2.398ms
[2019-04-11T16:46:08.097-0400][2.064s] GC(7) User=0.02s Sys=0.00s Real=0.00s
[2019-04-11T16:46:08.097-0400][2.064s] GC(7) Concurrent Preclean
[2019-04-11T16:46:08.097-0400][2.065s] GC(7) Concurrent Preclean 0.474ms
[2019-04-11T16:46:08.097-0400][2.065s] GC(7) User=0.00s Sys=0.00s Real=0.00s
[2019-04-11T16:46:08.097-0400][2.065s] GC(7) Pause Remark
[2019-04-11T16:46:08.097-0400][2.065s] GC(8) Pause Young (CMS Final Remark)
[2019-04-11T16:46:08.097-0400][2.065s] GC(8) Using 4 workers of 4 for evacuation
[2019-04-11T16:46:08.104-0400][2.071s] GC(8) ParNew: 23203K->21824K(109248K)
[2019-04-11T16:46:08.104-0400][2.071s] GC(8) CMS: 4206K->4206K(393216K)
[2019-04-11T16:46:08.104-0400][2.071s] GC(8) Metaspace: 40731K->40731K(1087488K)
[2019-04-11T16:46:08.104-0400][2.071s] GC(8) Pause Young (CMS Final Remark) 26M->25M(490M) 6.525ms
[2019-04-11T16:46:08.104-0400][2.071s] GC(8) User=0.03s Sys=0.00s Real=0.01s
[2019-04-11T16:46:08.113-0400][2.081s] GC(7) Pause Remark 26M->25M(490M) 15.868ms
[2019-04-11T16:46:08.113-0400][2.081s] GC(7) User=0.04s Sys=0.00s Real=0.02s
[2019-04-11T16:46:08.113-0400][2.081s] GC(7) Concurrent Sweep
[2019-04-11T16:46:08.115-0400][2.082s] GC(7) Concurrent Sweep 1.493ms
[2019-04-11T16:46:08.115-0400][2.082s] GC(7) User=0.00s Sys=0.00s Real=0.00s
[2019-04-11T16:46:08.115-0400][2.082s] GC(7) Concurrent Reset
[2019-04-11T16:46:08.115-0400][2.083s] GC(7) Concurrent Reset 0.211ms
[2019-04-11T16:46:08.115-0400][2.083s] GC(7) User=0.00s Sys=0.00s Real=0.00s
[2019-04-11T16:46:08.115-0400][2.083s] GC(7) Old: 4206K->3660K(393216K)
[2019-04-11T16:46:08.439-0400][2.407s] GC(9) Pause Young (Allocation Failure)
[2019-04-11T16:46:08.439-0400][2.407s] GC(9) Using 4 workers of 4 for evacuation
[2019-04-11T16:46:08.448-0400][2.416s] GC(9) ParNew: 109248K->21824K(109248K)
[2019-04-11T16:46:08.448-0400][2.416s] GC(9) CMS: 3660K->5910K(393216K)
[2019-04-11T16:46:08.448-0400][2.416s] GC(9) Metaspace: 44762K->44762K(1089536K)
[2019-04-11T16:46:08.448-0400][2.416s] GC(9) Pause Young (Allocation Failure) 110M->27M(490M) 8.910ms
[2019-04-11T16:46:08.448-0400][2.416s] GC(9) User=0.03s Sys=0.00s Real=0.01s
[2019-04-11T16:53:06.650-0400][420.618s] Heap
[2019-04-11T16:53:06.650-0400][420.618s]  par new generation   total 109248K, used 107158K [0x00000000e0000000, 0x00000000e8000000, 0x00000000e8000000)
[2019-04-11T16:53:06.650-0400][420.618s]   eden space 87424K,  97% used [0x00000000e0000000, 0x00000000e5355808, 0x00000000e5560000)
[2019-04-11T16:53:06.650-0400][420.618s]   from space 21824K, 100% used [0x00000000e5560000, 0x00000000e6ab0000, 0x00000000e6ab0000)
[2019-04-11T16:53:06.650-0400][420.618s]   to   space 21824K,   0% used [0x00000000e6ab0000, 0x00000000e6ab0000, 0x00000000e8000000)
[2019-04-11T16:53:06.650-0400][420.618s]  concurrent mark-sweep generation total 393216K, used 5910K [0x00000000e8000000, 0x0000000100000000, 0x0000000100000000)
[2019-04-11T16:53:06.650-0400][420.618s]  Metaspace       used 50673K, capacity 51647K, committed 52028K, reserved 1095680K
[2019-04-11T16:53:06.650-0400][420.618s]   class space    used 5607K, capacity 6032K, committed 6036K, reserved 1048576K
